// Jest Snapshot v1, https://goo.gl/fbAQLP

exports[`renders dashboard unchanged 1`] = `
<div>
  <div
    class="flex flex-col items-start gap-1 p-4"
  >
    <h2
      class="text-2xl font-bold tracking-tight text-black dark:text-white-soft md:text-2xl"
    >
      Dashboard
    </h2>
    <p
      class="text-black dark:text-white-soft"
    >
      Cool Dashboard
    </p>
  </div>
</div>
`;

exports[`renders homepage unchanged 1`] = `
<div>
  <div
    class="flex flex-col items-start gap-1 p-4"
  >
    <h2
      class="text-2xl font-bold tracking-tight text-black dark:text-white-soft md:text-2xl"
    >
      Dashboard
    </h2>
    <p
      class="text-black dark:text-white-soft"
    >
      Cool Dashboard
    </p>
  </div>
</div>
`;
