// Jest Snapshot v1, https://goo.gl/fbAQLP

exports[`renders signUp unchanged 1`] = `
<div>
  <div
    class="flex flex-col items-start gap-4"
  >
    <form
      class="flex w-full flex-col gap-4 p-4 pb-2"
    >
      <h2
        class="text-2xl font-bold tracking-tight text-black dark:text-white-soft md:text-2xl"
      >
        Sign 
        <span
          class="text-blue-600 dark:text-discord"
        >
          Up
        </span>
      </h2>
      <div
        class="relative flex w-full flex-col gap-1"
      >
        <label
          class="text-gray-07 dark:text-white-softest self-start text-start text-xs uppercase"
        >
          name
          <span
            class="text-red-500"
          >
            *
          </span>
        </label>
        <input
          class="w-full rounded-lg border border-gray-300 bg-gray-50 p-2.5 text-sm text-gray-900 focus:border-blue-500 focus:ring-blue-500 dark:border-gray-600 dark:bg-gray-700 dark:text-white dark:placeholder-gray-400 dark:focus:border-blue-500 dark:focus:ring-blue-500"
          name="name"
        />
      </div>
      <div
        class="relative flex w-full flex-col gap-1"
      >
        <label
          class="text-gray-07 dark:text-white-softest self-start text-start text-xs uppercase"
        >
          email
          <span
            class="text-red-500"
          >
            *
          </span>
        </label>
        <input
          class="w-full rounded-lg border border-gray-300 bg-gray-50 p-2.5 text-sm text-gray-900 focus:border-blue-500 focus:ring-blue-500 dark:border-gray-600 dark:bg-gray-700 dark:text-white dark:placeholder-gray-400 dark:focus:border-blue-500 dark:focus:ring-blue-500"
          name="email"
          type="email"
        />
      </div>
      <div
        class="relative flex w-full flex-col gap-1"
      >
        <label
          class="text-gray-07 dark:text-white-softest self-start text-start text-xs uppercase"
        >
          password
          <span
            class="text-red-500"
          >
            *
          </span>
        </label>
        <input
          class="w-full rounded-lg border border-gray-300 bg-gray-50 p-2.5 text-sm text-gray-900 focus:border-blue-500 focus:ring-blue-500 dark:border-gray-600 dark:bg-gray-700 dark:text-white dark:placeholder-gray-400 dark:focus:border-blue-500 dark:focus:ring-blue-500"
          name="password"
          type="password"
        />
      </div>
    </form>
    <div
      class="flex w-full flex-col gap-4 rounded-b-lg bg-white-soft p-4 dark:bg-black-softest"
    >
      <button
        class="dark:hover:bg-discord-dark w-full rounded-lg bg-blue-600 px-5 py-2.5 text-center text-sm font-medium text-white transition-all hover:bg-blue-700 focus:outline-none focus:ring-4 focus:ring-blue-300 dark:bg-discord dark:focus:ring-blue-800 sm:w-auto"
        type="submit"
      >
        Sign Up
      </button>
    </div>
  </div>
</div>
`;
